// Jest Snapshot v1, https://goo.gl/fbAQLP

exports[`App renders correctly 1`] = `
<RCTScrollView
  style={
    {
      "backgroundColor": "#fff",
      "padding": 10,
      "paddingBlock": 30,
    }
  }
>
  <View>
    <Text
      style={
        {
          "fontSize": 22,
          "marginBottom": 20,
        }
      }
    >
      Selecione um usuário
    </Text>
    <SearchBar
      placeholder="Pesquisar usuários..."
      searchQuery=""
      setSearchQuery={[MockFunction]}
    />
  </View>
</RCTScrollView>
`;
